###############################################################################
#
# IAR ELF Linker V8.11.1.13263/W32 for ARM                11/Jul/2017  23:09:41
# Copyright 2007-2017 IAR Systems AB.
#
#    Output file  =  E:\05NXP\FreeScale_X\Prj\IAR\Debug\Exe\freescale.out
#    Map file     =  E:\05NXP\FreeScale_X\Prj\IAR\Debug\List\freescale.map
#    Command line =  
#        -f C:\Users\ADMINI~1\AppData\Local\Temp\EW45F4.tmp
#        (E:\05NXP\FreeScale_X\Prj\IAR\Debug\Obj\FIRE_SCCB.o
#        E:\05NXP\FreeScale_X\Prj\IAR\Debug\Obj\FS_ISR.o
#        E:\05NXP\FreeScale_X\Prj\IAR\Debug\Obj\FS_LUT.o
#        E:\05NXP\FreeScale_X\Prj\IAR\Debug\Obj\FS_OV7620.o
#        E:\05NXP\FreeScale_X\Prj\IAR\Debug\Obj\main.o
#        E:\05NXP\FreeScale_X\Prj\IAR\Debug\Obj\misc.o
#        E:\05NXP\FreeScale_X\Prj\IAR\Debug\Obj\MK60_adc.o
#        E:\05NXP\FreeScale_X\Prj\IAR\Debug\Obj\MK60_can.o
#        E:\05NXP\FreeScale_X\Prj\IAR\Debug\Obj\MK60_conf.o
#        E:\05NXP\FreeScale_X\Prj\IAR\Debug\Obj\MK60_dac.o
#        E:\05NXP\FreeScale_X\Prj\IAR\Debug\Obj\MK60_dma.o
#        E:\05NXP\FreeScale_X\Prj\IAR\Debug\Obj\MK60_DWT.o
#        E:\05NXP\FreeScale_X\Prj\IAR\Debug\Obj\MK60_flash.o
#        E:\05NXP\FreeScale_X\Prj\IAR\Debug\Obj\MK60_flexbus.o
#        E:\05NXP\FreeScale_X\Prj\IAR\Debug\Obj\MK60_ftm.o
#        E:\05NXP\FreeScale_X\Prj\IAR\Debug\Obj\MK60_gpio.o
#        E:\05NXP\FreeScale_X\Prj\IAR\Debug\Obj\MK60_i2c.o
#        E:\05NXP\FreeScale_X\Prj\IAR\Debug\Obj\MK60_it.o
#        E:\05NXP\FreeScale_X\Prj\IAR\Debug\Obj\MK60_lptmr.o
#        E:\05NXP\FreeScale_X\Prj\IAR\Debug\Obj\MK60_mcg.o
#        E:\05NXP\FreeScale_X\Prj\IAR\Debug\Obj\MK60_PIT.o
#        E:\05NXP\FreeScale_X\Prj\IAR\Debug\Obj\MK60_port.o
#        E:\05NXP\FreeScale_X\Prj\IAR\Debug\Obj\MK60_rtc.o
#        E:\05NXP\FreeScale_X\Prj\IAR\Debug\Obj\MK60_sdhc.o
#        E:\05NXP\FreeScale_X\Prj\IAR\Debug\Obj\MK60_spi.o
#        E:\05NXP\FreeScale_X\Prj\IAR\Debug\Obj\MK60_SysTick.o
#        E:\05NXP\FreeScale_X\Prj\IAR\Debug\Obj\MK60_uart.o
#        E:\05NXP\FreeScale_X\Prj\IAR\Debug\Obj\MK60_wdog.o
#        E:\05NXP\FreeScale_X\Prj\IAR\Debug\Obj\Serial_oscilloscope.o
#        E:\05NXP\FreeScale_X\Prj\IAR\Debug\Obj\startup_MK60DZ10.o
#        E:\05NXP\FreeScale_X\Prj\IAR\Debug\Obj\system_MK60DZ10.o
#        E:\05NXP\FreeScale_X\Prj\IAR\Debug\Obj\VCAN_computer.o
#        E:\05NXP\FreeScale_X\Prj\IAR\Debug\Obj\VCAN_key.o
#        E:\05NXP\FreeScale_X\Prj\IAR\Debug\Obj\VCAN_LED.o
#        E:\05NXP\FreeScale_X\Prj\IAR\Debug\Obj\VCAN_TSL1401.o
#        E:\05NXP\FreeScale_X\Prj\IAR\Debug\Obj\vectors.o
#        E:\05NXP\FreeScale_X\Prj\IAR\Debug\Obj\XK_BIANMA.o
#        E:\05NXP\FreeScale_X\Prj\IAR\Debug\Obj\XK_CITE.o
#        E:\05NXP\FreeScale_X\Prj\IAR\Debug\Obj\XK_MOTION.o
#        E:\05NXP\FreeScale_X\Prj\IAR\Debug\Obj\XK_S3010.o -o
#        E:\05NXP\FreeScale_X\Prj\IAR\Debug\Exe\freescale.out --map
#        E:\05NXP\FreeScale_X\Prj\IAR\Debug\List\freescale.map --config
#        "E:\05NXP\FreeScale_X\Prj\IAR\config files\fire_ROM_K60N512.icf"
#        --semihosting
#        E:\05NXP\FreeScale_X\Prj\IAR\..\..\Lib\CMSIS\iar_cortexM4l_math.a
#        --entry __iar_program_start --vfe --text_out locale)
#
###############################################################################

*******************************************************************************
*** RUNTIME MODEL ATTRIBUTES
***

CppFlavor       = *
__SystemLibrary = DLib
__dlib_version  = 6


*******************************************************************************
*** HEAP SELECTION
***

The basic heap was selected because some modules are built with
size limitations (and not runtime checking), and --advanced_heap
was not specified.


*******************************************************************************
*** PLACEMENT SUMMARY
***

"A0":  place at 0x00000000 { ro section .intvec };
"A1":  place at 0x00000410 { ro section .noinit };
"P1":  place in [from 0x00000000 to 0x00040000] { ro, block CodeRelocate };
"P2":  place in [from 0x1fff0410 to 0x20010000] {
          rw, block CodeRelocateRam, block CSTACK, block HEAP };
initialize manually with packing = copy, complex ranges { section .data };
initialize manually with packing = copy, complex ranges { section .textrw };

  Section              Kind        Address     Size  Object
  -------              ----        -------     ----  ------
"A0":                                         0x410
  .intvec              const    0x00000000    0x410  vectors.o [1]
                              - 0x00000410    0x410

"A1":                                           0x8
  .noinit              ro code  0x00000410      0x8  startup_MK60DZ10.o [1]
                              - 0x00000418      0x8

"P1":                                        0x48a2
  .text                ro code  0x00000418    0xf36  xprintffuller_nomb.o [3]
  .text                ro code  0x0000134e     0x12  xencoding_8859_1.o [3]
  .text                ro code  0x00001360     0x16  strchr.o [5]
  .rodata              const    0x00001376      0x2  VCAN_computer.o [1]
  .text                ro code  0x00001378     0x44  xfail_s.o [3]
  .text                ro code  0x000013bc     0x36  strlen.o [5]
  .rodata              const    0x000013f2      0x2  VCAN_computer.o [1]
  .text                ro code  0x000013f4     0x58  memchr.o [5]
  .text                ro code  0x0000144c      0xa  xmbcurmax.o [3]
  .text                ro code  0x00001458     0x1c  xlocale_c.o [3]
  .text                ro code  0x00001474     0xa6  ABImemcpy.o [5]
  .text                ro code  0x0000151c     0xee  I64DivMod.o [5]
  .text                ro code  0x0000160c    0x1a2  DblMul.o [4]
  .text                ro code  0x000017b0     0x70  frexp.o [4]
  .text                ro code  0x00001820     0x2e  DblCmpLe.o [4]
  .text                ro code  0x00001850     0x2e  DblCmpGe.o [4]
  .text                ro code  0x00001880    0x13a  ldexp.o [4]
  .text                ro code  0x000019bc     0x3a  DblToS32.o [4]
  .text                ro code  0x000019f8     0x22  S32ToDbl.o [4]
  .text                ro code  0x00001a1c     0xe2  DblSub.o [4]
  .text                ro code  0x00001b00    0x246  DblDiv.o [4]
  .text                ro code  0x00001d48     0x28  DblToU32.o [4]
  .text                ro code  0x00001d70     0x1a  U32ToDbl.o [4]
  .text                ro code  0x00001d8a      0x6  abort.o [3]
  .text                ro code  0x00001d90      0x2  I64DivZer.o [5]
  .text                ro code  0x00001d94    0x168  DblAdd.o [4]
  .text                ro code  0x00001efc     0x14  exit.o [6]
  .data_init                    0x00001f10    0x87c  <Block>
    Initializer bytes  const    0x00001f10    0x87c  <for .data-1>
  .text                ro code  0x0000278c    0x538  MK60_ftm.o [1]
  .text                ro code  0x00002cc4     0xbc  MK60_port.o [1]
  Veneer               ro code  0x00002d80      0x8  - Linker created -
  Veneer               ro code  0x00002d88      0x8  - Linker created -
  .text                ro code  0x00002d90    0x144  MK60_conf.o [1]
  .text                ro code  0x00002ed4     0x24  FltCmpLe.o [4]
  .text                ro code  0x00002ef8     0x1c  U32ToFlt.o [4]
  .text                ro code  0x00002f14     0xd8  FltMul.o [4]
  .text                ro code  0x00002fec     0xfc  FltDiv.o [4]
  .text                ro code  0x000030e8     0x22  FltToU32.o [4]
  .text                ro code  0x0000310c     0xac  VCAN_LED.o [1]
  .text                ro code  0x000031b8     0x28  printf.o [3]
  .text                ro code  0x000031e0     0x64  MK60_SysTick.o [1]
  .text                ro code  0x00003244    0x284  MK60_uart.o [1]
  .text                ro code  0x000034c8     0x9c  VCAN_key.o [1]
  .text                ro code  0x00003564    0x1c0  MK60_gpio.o [1]
  Veneer               ro code  0x00003724      0x8  - Linker created -
  .text                ro code  0x0000372c    0x3e4  MK60_mcg.o [1]
  .text                ro code  0x00003b10    0x24a  main.o [1]
  .text                ro code  0x00003d5c    0x194  FS_OV7620.o [1]
  .text                ro code  0x00003ef0     0x48  XK_MOTION.o [1]
  .text                ro code  0x00003f38     0x2c  XK_S3010.o [1]
  .text                ro code  0x00003f64     0x7c  MK60_PIT.o [1]
  .text                ro code  0x00003fe0     0x50  misc.o [1]
  .text                ro code  0x00004030     0x24  S32ToFlt.o [4]
  .text                ro code  0x00004054     0x40  VCAN_computer.o [1]
  .text                ro code  0x00004094    0x248  FIRE_SCCB.o [1]
  .text                ro code  0x000042dc    0x248  MK60_dma.o [1]
  .text                ro code  0x00004524     0xe2  FltAdd.o [4]
  .text                ro code  0x00004608     0x74  FltSub.o [4]
  CodeRelocate                  0x0000467c    0x1c8  <Block>
    Initializer bytes  const    0x0000467c    0x1c8  <for CodeRelocateRam-1>
  .text                ro code  0x00004844    0x12c  system_MK60DZ10.o [1]
  .text                ro code  0x00004970     0x40  MK60_wdog.o [1]
  .text                ro code  0x000049b0     0x40  zero_init3.o [5]
  .rodata              const    0x000049f0     0x3c  MK60_conf.o [1]
  .text                ro code  0x00004a2c     0x3c  FS_ISR.o [1]
  .rodata              const    0x00004a68     0x30  MK60_SysTick.o [1]
  .rodata              const    0x00004a98     0x2c  MK60_dma.o [1]
  .rodata              const    0x00004ac4     0x2c  MK60_flash.o [1]
  .rodata              const    0x00004af0     0x2c  MK60_ftm.o [1]
  .rodata              const    0x00004b1c     0x2c  MK60_gpio.o [1]
  .rodata              const    0x00004b48     0x2c  MK60_PIT.o [1]
  .rodata              const    0x00004b74     0x2c  MK60_uart.o [1]
  .rodata              const    0x00004ba0     0x28  misc.o [1]
  .text                ro code  0x00004bc8     0x28  data_init.o [5]
  .rodata              const    0x00004bf0     0x24  MK60_conf.o [1]
  .iar.init_table      const    0x00004c14     0x10  - Linker created -
  .rodata              const    0x00004c24     0x20  MK60_conf.o [1]
  .text                ro code  0x00004c44     0x1a  cmain.o [5]
  .text                ro code  0x00004c5e      0x4  low_level_init.o [3]
  .text                ro code  0x00004c62      0x4  exit.o [3]
  .text                ro code  0x00004c68      0xa  cexit.o [5]
  .text                ro code  0x00004c72     0x16  xprout.o [3]
  .text                ro code  0x00004c88      0xc  putchar.o [3]
  .rodata              const    0x00004c94     0x14  MK60_conf.o [1]
  .text                ro code  0x00004ca8      0xc  cstartup_M.o [5]
  .rodata              const    0x00004cb4      0x6  xlocale_c.o [3]
  .rodata              const    0x00004cba      0x0  zero_init3.o [5]
                              - 0x00004cba   0x48a2

"P2", part 1 of 2:                            0xa44
  .data                         0x1fff0410    0x87c  <Block>
    .data-1                     0x1fff0410    0x87a  <Init block>
      .data            inited   0x1fff0410      0x4  FS_OV7620.o [1]
      .data            inited   0x1fff0414      0x4  main.o [1]
      .data            inited   0x1fff0418    0x708  MK60_conf.o [1]
      .data            inited   0x1fff0b20      0xc  MK60_ftm.o [1]
      .data            inited   0x1fff0b2c     0x14  MK60_gpio.o [1]
      .data            inited   0x1fff0b40     0x44  MK60_mcg.o [1]
      .data            inited   0x1fff0b84      0x4  MK60_mcg.o [1]
      .data            inited   0x1fff0b88     0x14  MK60_port.o [1]
      .data            inited   0x1fff0b9c     0x18  MK60_uart.o [1]
      .data            inited   0x1fff0bb4      0x8  VCAN_key.o [1]
      .data            inited   0x1fff0bbc      0x4  VCAN_LED.o [1]
      .data            inited   0x1fff0bc0     0x48  xfiles.o [3]
      .data            inited   0x1fff0c08     0x38  xlocale_c.o [3]
      .data            inited   0x1fff0c40     0x48  xlocale_c.o [3]
      .data            inited   0x1fff0c88      0x1  FS_OV7620.o [1]
      .data            inited   0x1fff0c89      0x1  FS_OV7620.o [1]
  CodeRelocateRam               0x1fff0c8c    0x1c8  <Block>
    CodeRelocateRam-1           0x1fff0c8c    0x1c8  <Init block>
      Veneer           inited   0x1fff0c8c      0x8  - Linker created -
      Veneer           inited   0x1fff0c94      0x8  - Linker created -
      .textrw          inited   0x1fff0c9c    0x168  MK60_flash.o [1]
      .textrw          inited   0x1fff0e04     0x50  MK60_mcg.o [1]
                              - 0x1fff0e54    0xa44

"P2", part 2 of 2:                          0x12db4
  .bss                          0x1fff0e54  0x12db4  <Block>
    .bss               zero     0x1fff0e54  0x12d40  FS_OV7620.o [1]
    .bss               zero     0x20003b94      0x4  main.o [1]
    .bss               zero     0x20003b98      0xc  MK60_ftm.o [1]
    .bss               zero     0x20003ba4      0x4  system_MK60DZ10.o [1]
    .bss               zero     0x20003ba8      0x4  system_MK60DZ10.o [1]
    .bss               zero     0x20003bac      0x4  system_MK60DZ10.o [1]
    .bss               zero     0x20003bb0     0x50  xfiles.o [3]
    .bss               zero     0x20003c00      0x4  xfail_s.o [3]
    .bss               zero     0x20003c04      0x1  FS_OV7620.o [1]
                              - 0x20003c08  0x12db4


*******************************************************************************
*** INIT TABLE
***

          Address     Size
          -------     ----
Zero (__iar_zero_init3)
    1 destination range, total size 0x12db1:
          0x1fff0e54  0x12db1



*******************************************************************************
*** MODULE SUMMARY
***

    Module                ro code  rw code  ro data  rw data
    ------                -------  -------  -------  -------
E:\05NXP\FreeScale_X\Prj\IAR\Debug\Obj: [1]
    FIRE_SCCB.o               584
    FS_ISR.o                   60
    FS_OV7620.o               404                 6   77 127
    MK60_PIT.o                124                44
    MK60_SysTick.o            100                48
    MK60_conf.o               324             1 948    1 800
    MK60_dma.o                584                44
    MK60_flash.o                       360      404
    MK60_ftm.o              1 336                56       24
    MK60_gpio.o               448                64       20
    MK60_mcg.o                996       80      152       72
    MK60_port.o               188                20       20
    MK60_uart.o               644                68       24
    MK60_wdog.o                64
    VCAN_LED.o                172                 4        4
    VCAN_computer.o            64                 4
    VCAN_key.o                156                 8        8
    XK_MOTION.o                72
    XK_S3010.o                 44
    main.o                    586                 4        8
    misc.o                     80                40
    startup_MK60DZ10.o          8
    system_MK60DZ10.o         300                         12
    vectors.o                                 1 040
    --------------------------------------------------------
    Total:                  7 338      440    3 954   79 119

command line: [2]
    --------------------------------------------------------
    Total:

dl7M_tlf.a: [3]
    abort.o                     6
    exit.o                      4
    low_level_init.o            4
    printf.o                   40
    putchar.o                  12
    xencoding_8859_1.o         18
    xfail_s.o                  68                          4
    xfiles.o                                     72      152
    xlocale_c.o                28               134      128
    xmbcurmax.o                10
    xprintffuller_nomb.o    3 894
    xprout.o                   22
    --------------------------------------------------------
    Total:                  4 106               206      284

m7M_tl.a: [4]
    DblAdd.o                  360
    DblCmpGe.o                 46
    DblCmpLe.o                 46
    DblDiv.o                  582
    DblMul.o                  418
    DblSub.o                  226
    DblToS32.o                 58
    DblToU32.o                 40
    FltAdd.o                  226
    FltCmpLe.o                 36
    FltDiv.o                  252
    FltMul.o                  216
    FltSub.o                  116
    FltToU32.o                 34
    S32ToDbl.o                 34
    S32ToFlt.o                 36
    U32ToDbl.o                 26
    U32ToFlt.o                 28
    frexp.o                   112
    ldexp.o                   314
    --------------------------------------------------------
    Total:                  3 206

rt7M_tl.a: [5]
    ABImemcpy.o               166
    I64DivMod.o               238
    I64DivZer.o                 2
    cexit.o                    10
    cmain.o                    26
    cstartup_M.o               12
    data_init.o                40
    memchr.o                   88
    strchr.o                   22
    strlen.o                   54
    zero_init3.o               64
    --------------------------------------------------------
    Total:                    722

shb_l.a: [6]
    exit.o                     20
    --------------------------------------------------------
    Total:                     20

    Gaps                       32
    Linker created             24       16       34
------------------------------------------------------------
    Grand Total:           15 448      456    4 194   79 403


*******************************************************************************
*** ENTRY LIST
***

Entry                      Address     Size  Type      Object
-----                      -------     ----  ----      ------
.bss$$Base              0x1fff0e54            --   Gb  - Linker created -
.bss$$Limit             0x20003c08            --   Gb  - Linker created -
.data$$Base             0x1fff0410            --   Gb  - Linker created -
.data$$Limit            0x1fff0c8c            --   Gb  - Linker created -
.data_init$$Base        0x00001f10            --   Gb  - Linker created -
.data_init$$Limit       0x0000278c            --   Gb  - Linker created -
.iar.init_table$$Base   0x00004c14            --   Gb  - Linker created -
.iar.init_table$$Limit  0x00004c24            --   Gb  - Linker created -
?main                   0x00004c45           Code  Gb  cmain.o [5]
ASSERT_FAILED_STR       0x00004bf0     0x24  Data  Gb  MK60_conf.o [1]
CodeRelocate$$Base      0x0000467c            --   Gb  - Linker created -
CodeRelocate$$Limit     0x00004844            --   Gb  - Linker created -
CodeRelocateRam$$Base   0x1fff0c8c            --   Gb  - Linker created -
CodeRelocateRam$$Limit  0x1fff0e54            --   Gb  - Linker created -
FTMN                    0x1fff0b20      0xc  Data  Gb  MK60_ftm.o [1]
FTM_port_mux            0x0000278d    0x118  Code  Lc  MK60_ftm.o [1]
GPIOX                   0x1fff0b2c     0x14  Data  Gb  MK60_gpio.o [1]
HRFF_handler            0x00003e69     0x20  Code  Gb  FS_OV7620.o [1]
Image_Data              0x1fff0410      0x4  Data  Gb  FS_OV7620.o [1]
KEY_PTxn                0x1fff0bb4      0x8  Data  Gb  VCAN_key.o [1]
LED_PTxn                0x1fff0bbc      0x4  Data  Gb  VCAN_LED.o [1]
LoadInt                 0x000005b7     0x7a  Code  Lc  xprintffuller_nomb.o [3]
NVIC_DisableIRQ         0x00003d73     0x16  Code  Lc  FS_OV7620.o [1]
NVIC_EnableIRQ          0x00003d5d     0x16  Code  Lc  FS_OV7620.o [1]
NVIC_EnableIRQ          0x00003b39     0x16  Code  Lc  main.o [1]
NVIC_EncodePriority     0x00003b75     0x42  Code  Lc  main.o [1]
NVIC_GetPriorityGrouping
                        0x00003b2f      0xa  Code  Lc  main.o [1]
NVIC_SetPriority        0x00003b4f     0x26  Code  Lc  main.o [1]
NVIC_SetPriorityGrouping
                        0x00003b11     0x1e  Code  Lc  main.o [1]
NVIC_SystemReset        0x00002d91     0x1a  Code  Lc  MK60_conf.o [1]
OV7620_Init             0x00003d89     0xe0  Code  Gb  FS_OV7620.o [1]
PIT_VAL                 0x00003cf1     0x20  Code  Gb  main.o [1]
PORTX                   0x1fff0b88     0x14  Data  Gb  MK60_port.o [1]
Pixel_Data              0x1fff0e54  0x12d40  Data  Gb  FS_OV7620.o [1]
ROW_Count               0x20003c04      0x1  Data  Gb  FS_OV7620.o [1]
Region$$Table$$Base     0x00004c14            --   Gb  - Linker created -
Region$$Table$$Limit    0x00004c24            --   Gb  - Linker created -
Reset_Handler           0x00000411           Code  Gb  startup_MK60DZ10.o [1]
SCCB_GPIO_init          0x00004095     0x18  Code  Gb  FIRE_SCCB.o [1]
UARTN                   0x1fff0b9c     0x18  Data  Gb  MK60_uart.o [1]
VSYNC_handler           0x00003e89     0x34  Code  Gb  FS_OV7620.o [1]
_Encoding_8859_1_Wctomb
                        0x0000134f     0x12  Code  Gb  xencoding_8859_1.o [3]
_GenldFullerNoMb        0x00001047    0x256  Code  Lc  xprintffuller_nomb.o [3]
_LdtobFullerNoMb        0x00000c1f    0x3fe  Code  Lc  xprintffuller_nomb.o [3]
_LitobFullerNoMb        0x00000acf    0x10a  Code  Lc  xprintffuller_nomb.o [3]
_Locale_lconv           0x1fff0c08     0x38  Data  Lc  xlocale_c.o [3]
_PrintfFullerNoMb       0x00000419    0x190  Code  Gb  xprintffuller_nomb.o [3]
_Prout                  0x00004c73     0x16  Code  Gb  xprout.o [3]
_PutcharsFullerNoMb     0x0000129d     0x2e  Code  Lc  xprintffuller_nomb.o [3]
_PutfldFullerNoMb       0x00000631    0x2d0  Code  Lc  xprintffuller_nomb.o [3]
_PutstrFullerNoMb       0x00000a0f     0xc0  Code  Lc  xprintffuller_nomb.o [3]
_PuttxtFullerNoMb       0x00000901    0x10e  Code  Lc  xprintffuller_nomb.o [3]
__BOOT_STACK_ADDRESS {Abs}
                        0x2000fff8           Data  Gb  command line/config [2]
__VECTOR_RAM {Abs}      0x1fff0000           Data  Gb  command line/config [2]
__VECTOR_TABLE {Abs}    0x00000000           Data  Gb  command line/config [2]
__aeabi_cdcmple         0x00001821           Code  Gb  DblCmpLe.o [4]
__aeabi_cdrcmple        0x00001851           Code  Gb  DblCmpGe.o [4]
__aeabi_cfcmple         0x00002ed5           Code  Gb  FltCmpLe.o [4]
__aeabi_d2iz            0x000019bd           Code  Gb  DblToS32.o [4]
__aeabi_d2uiz           0x00001d49           Code  Gb  DblToU32.o [4]
__aeabi_ddiv            0x00001b01           Code  Gb  DblDiv.o [4]
__aeabi_dmul            0x0000160d           Code  Gb  DblMul.o [4]
__aeabi_dsub            0x00001a1d           Code  Gb  DblSub.o [4]
__aeabi_f2uiz           0x000030e9           Code  Gb  FltToU32.o [4]
__aeabi_fadd            0x00004525           Code  Gb  FltAdd.o [4]
__aeabi_fdiv            0x00002fed           Code  Gb  FltDiv.o [4]
__aeabi_fmul            0x00002f15           Code  Gb  FltMul.o [4]
__aeabi_i2d             0x000019f9           Code  Gb  S32ToDbl.o [4]
__aeabi_i2f             0x00004031           Code  Gb  S32ToFlt.o [4]
__aeabi_ldiv0           0x00001d91           Code  Gb  I64DivZer.o [5]
__aeabi_memcpy          0x00001475           Code  Gb  ABImemcpy.o [5]
__aeabi_memcpy4         0x00001495           Code  Gb  ABImemcpy.o [5]
__aeabi_memcpy8         0x00001495           Code  Gb  ABImemcpy.o [5]
__aeabi_ui2d            0x00001d71           Code  Gb  U32ToDbl.o [4]
__aeabi_ui2f            0x00002ef9           Code  Gb  U32ToFlt.o [4]
__aeabi_uldivmod        0x0000151d           Code  Gb  I64DivMod.o [5]
__cmain                 0x00004c45           Code  Gb  cmain.o [5]
__code_start__ {Abs}    0x00000410           Data  Gb  command line/config [2]
__exit                  0x00001efd     0x14  Code  Gb  exit.o [6]
__iar_Fail_s            0x00001379     0x1e  Code  Gb  xfail_s.o [3]
__iar_Mbcurmax          0x0000144d      0xa  Code  Gb  xmbcurmax.o [3]
__iar_Memchr            0x000013f5           Code  Gb  memchr.o [5]
__iar_Stdout            0x1fff0bc0     0x48  Data  Gb  xfiles.o [3]
__iar_Strchr            0x00001361           Code  Gb  strchr.o [5]
__iar_dadd              0x00001a2d           Code  Gb  DblSub.o [4]
__iar_data_init3        0x00004bc9     0x28  Code  Gb  data_init.o [5]
__iar_dsub              0x00001d95           Code  Gb  DblAdd.o [4]
__iar_dsubStart         0x00001da7           Code  Gb  DblAdd.o [4]
__iar_fadd              0x00004609           Code  Gb  FltSub.o [4]
__iar_frexp             0x000017bd           Code  Gb  frexp.o [4]
__iar_frexp64           0x000017b1           Code  Gb  frexp.o [4]
__iar_frexpl            0x000017bd           Code  Gb  frexp.o [4]
__iar_fsub              0x00004531           Code  Gb  FltAdd.o [4]
__iar_fsubStart         0x00004541           Code  Gb  FltAdd.o [4]
__iar_globLocale        0x1fff0c40     0x48  Data  Lc  xlocale_c.o [3]
__iar_global_Locale     0x00001459      0x4  Code  Gb  xlocale_c.o [3]
__iar_ldexp64           0x00001881           Code  Gb  ldexp.o [4]
__iar_program_start     0x00004ca9           Code  Gb  cstartup_M.o [5]
__iar_scalbln64         0x00001881           Code  Gb  ldexp.o [4]
__iar_scalbn64          0x00001881           Code  Gb  ldexp.o [4]
__iar_systems$$module {Abs}
                        0x00000001           Data  Gb  command line/config [2]
__iar_zero_init3        0x000049b1     0x40  Code  Gb  zero_init3.o [5]
__low_level_init        0x00004c5f      0x4  Code  Gb  low_level_init.o [3]
__vector_table          0x00000000    0x410  Data  Gb  vectors.o [1]
_call_main              0x00004c51           Code  Gb  cmain.o [5]
_exit                   0x00004c69           Code  Gb  cexit.o [5]
_gLocale_wctomb         0x00001461      0x4  Code  Gb  xlocale_c.o [3]
_gLocale_wctombInt      0x0000145d      0x4  Code  Gb  xlocale_c.o [3]
_main                   0x00004c5b           Code  Gb  cmain.o [5]
abort                   0x00001d8b      0x6  Code  Gb  abort.o [3]
assert_failed           0x00002dab     0x26  Code  Gb  MK60_conf.o [1]
bus_clk_khz             0x20003bac      0x4  Data  Gb  system_MK60DZ10.o [1]
common_startup          0x000048a3     0x94  Code  Gb  system_MK60DZ10.o [1]
control                 0x00003f39     0x2c  Code  Gb  XK_S3010.o [1]
core_clk_khz            0x20003ba4      0x4  Data  Gb  system_MK60DZ10.o [1]
core_clk_mhz            0x20003ba8      0x4  Data  Gb  system_MK60DZ10.o [1]
default_isr             0x00002e7f     0x34  Code  Gb  MK60_conf.o [1]
direction               0x1fff0414      0x4  Data  Gb  main.o [1]
dma_gpio_input_init     0x000042dd     0x62  Code  Lc  MK60_dma.o [1]
dma_portx2buff_init     0x0000433f    0x1b0  Code  Gb  MK60_dma.o [1]
exit                    0x00004c63      0x4  Code  Gb  exit.o [3]
flags                   0x1fff0c88      0x1  Data  Gb  FS_OV7620.o [1]
flash_cmd               0x1fff0c9d     0x20  Code  Gb  MK60_flash.o [1]
flash_erase_sector      0x1fff0ced     0x58  Code  Gb  MK60_flash.o [1]
flash_init              0x1fff0cbd     0x30  Code  Gb  MK60_flash.o [1]
flash_write             0x1fff0d45     0x90  Code  Gb  MK60_flash.o [1]
fputc                   0x00002dd1     0x14  Code  Gb  MK60_conf.o [1]
frexp                   0x000017b1           Code  Gb  frexp.o [4]
frexpl                  0x000017b1           Code  Gb  frexp.o [4]
ftm_mod                 0x20003b98      0xc  Data  Lc  MK60_ftm.o [1]
ftm_pwm_duty            0x00002a2f    0x11a  Code  Gb  MK60_ftm.o [1]
ftm_pwm_init            0x000028a5    0x18a  Code  Gb  MK60_ftm.o [1]
ftm_quad_clean          0x00002c7b     0x28  Code  Gb  MK60_ftm.o [1]
ftm_quad_get            0x00002c4f     0x2c  Code  Gb  MK60_ftm.o [1]
ftm_quad_init           0x00002b49    0x106  Code  Gb  MK60_ftm.o [1]
gpio_get                0x000036db     0x3e  Code  Gb  MK60_gpio.o [1]
gpio_init               0x00003565     0xbe  Code  Gb  MK60_gpio.o [1]
gpio_set                0x00003623     0x7c  Code  Gb  MK60_gpio.o [1]
gpio_turn               0x0000369f     0x3c  Code  Gb  MK60_gpio.o [1]
isr_priority_init       0x00003d3d     0x1e  Code  Gb  main.o [1]
key_check               0x00003535     0x2a  Code  Gb  VCAN_key.o [1]
key_get                 0x0000351b     0x1a  Code  Gb  VCAN_key.o [1]
key_init                0x000034c9     0x52  Code  Gb  VCAN_key.o [1]
ldexp                   0x00001881           Code  Gb  ldexp.o [4]
ldexpl                  0x00001881           Code  Gb  ldexp.o [4]
led                     0x00003147     0x3c  Code  Gb  VCAN_LED.o [1]
led_init                0x0000310d     0x3a  Code  Gb  VCAN_LED.o [1]
led_turn                0x00003183     0x32  Code  Gb  VCAN_LED.o [1]
localeconv              0x00001465      0x4  Code  Gb  xlocale_c.o [3]
main                    0x00003bb7    0x13a  Code  Gb  main.o [1]
mcg_cfg                 0x1fff0b40     0x44  Data  Gb  MK60_mcg.o [1]
mcg_div                 0x1fff0b84      0x4  Data  Gb  MK60_mcg.o [1]
mcg_div_count           0x0000372d    0x316  Code  Gb  MK60_mcg.o [1]
memchr                  0x000013f5           Code  Gb  memchr.o [5]
motion                  0x00003ef1     0x48  Code  Gb  XK_MOTION.o [1]
obuf                    0x20003bb0     0x50  Data  Lc  xfiles.o [3]
pit_init                0x00003f65     0x6c  Code  Gb  MK60_PIT.o [1]
pll_init                0x00003a43     0xb2  Code  Gb  MK60_mcg.o [1]
port_init               0x00002cc5     0x4a  Code  Gb  MK60_port.o [1]
port_init_NoALT         0x00002d0f     0x6a  Code  Gb  MK60_port.o [1]
portc_irq_handler       0x00004a2d     0x34  Code  Gb  FS_ISR.o [1]
printf                  0x000031b9     0x28  Code  Gb  printf.o [3]
putchar                 0x00004c89      0xc  Code  Gb  putchar.o [3]
scalbln                 0x00001881           Code  Gb  ldexp.o [4]
scalblnl                0x00001881           Code  Gb  ldexp.o [4]
scalbn                  0x00001881           Code  Gb  ldexp.o [4]
scalbnl                 0x00001881           Code  Gb  ldexp.o [4]
scale                   0x00000bd9     0x46  Code  Lc  xprintffuller_nomb.o [3]
sccb_regWrite           0x00004261     0x7c  Code  Gb  FIRE_SCCB.o [1]
sccb_sendByte           0x00004189     0xd4  Code  Gb  FIRE_SCCB.o [1]
sccb_start              0x000040c9     0x74  Code  Gb  FIRE_SCCB.o [1]
sccb_stop               0x0000413d     0x4c  Code  Gb  FIRE_SCCB.o [1]
sccb_wait               0x000040ad     0x1c  Code  Gb  FIRE_SCCB.o [1]
sec_hand                0x20003c00      0x4  Data  Lc  xfail_s.o [3]
sendfinished            0x1fff0c89      0x1  Data  Gb  FS_OV7620.o [1]
set_sys_dividers        0x1fff0e05     0x50  Code  Gb  MK60_mcg.o [1]
set_vector_handler      0x00004003     0x22  Code  Gb  misc.o [1]
start                   0x00004845     0x22  Code  Gb  system_MK60DZ10.o [1]
start_check             0x00002de5     0x9a  Code  Gb  MK60_conf.o [1]
strchr                  0x00001361           Code  Gb  strchr.o [5]
strlen                  0x000013bd           Code  Gb  strlen.o [5]
sysinit                 0x00004867     0x3c  Code  Gb  system_MK60DZ10.o [1]
systick_delay           0x000031e1     0x36  Code  Gb  MK60_SysTick.o [1]
systick_delay_ms        0x00003217     0x18  Code  Gb  MK60_SysTick.o [1]
uart_init               0x00003245    0x228  Code  Gb  MK60_uart.o [1]
uart_putbuff            0x0000348b     0x26  Code  Gb  MK60_uart.o [1]
uart_putchar            0x0000346d     0x1e  Code  Gb  MK60_uart.o [1]
val                     0x20003b94      0x4  Data  Gb  main.o [1]
vcan_sendimg            0x00004055     0x38  Code  Gb  VCAN_computer.o [1]
vector_str              0x1fff0418    0x708  Data  Gb  MK60_conf.o [1]
wdog_disable            0x00004971     0x16  Code  Gb  MK60_wdog.o [1]
wdog_unlock             0x00004987     0x20  Code  Lc  MK60_wdog.o [1]
write_vtor              0x00003fe1     0x22  Code  Gb  misc.o [1]


[1] = E:\05NXP\FreeScale_X\Prj\IAR\Debug\Obj
[2] = command line
[3] = dl7M_tlf.a
[4] = m7M_tl.a
[5] = rt7M_tl.a
[6] = shb_l.a

  15 448 bytes of readonly  code memory
     456 bytes of readwrite code memory
   4 194 bytes of readonly  data memory
  79 403 bytes of readwrite data memory

Errors: none
Warnings: none
