###############################################################################
#
# IAR ELF Linker V8.11.1.13263/W32 for ARM                17/Jul/2017  22:04:13
# Copyright 2007-2017 IAR Systems AB.
#
#    Output file  =  E:\05NXP\FreeScale_X\Prj\IAR\Debug\Exe\freescale.out
#    Map file     =  E:\05NXP\FreeScale_X\Prj\IAR\Debug\List\freescale.map
#    Command line =  
#        -f C:\Users\ADMINI~1\AppData\Local\Temp\EW79DD.tmp
#        (E:\05NXP\FreeScale_X\Prj\IAR\Debug\Obj\FIRE_SCCB.o
#        E:\05NXP\FreeScale_X\Prj\IAR\Debug\Obj\FS_LUT.o
#        E:\05NXP\FreeScale_X\Prj\IAR\Debug\Obj\FS_OV7620.o
#        E:\05NXP\FreeScale_X\Prj\IAR\Debug\Obj\main.o
#        E:\05NXP\FreeScale_X\Prj\IAR\Debug\Obj\misc.o
#        E:\05NXP\FreeScale_X\Prj\IAR\Debug\Obj\MK60_adc.o
#        E:\05NXP\FreeScale_X\Prj\IAR\Debug\Obj\MK60_can.o
#        E:\05NXP\FreeScale_X\Prj\IAR\Debug\Obj\MK60_conf.o
#        E:\05NXP\FreeScale_X\Prj\IAR\Debug\Obj\MK60_dac.o
#        E:\05NXP\FreeScale_X\Prj\IAR\Debug\Obj\MK60_dma.o
#        E:\05NXP\FreeScale_X\Prj\IAR\Debug\Obj\MK60_DWT.o
#        E:\05NXP\FreeScale_X\Prj\IAR\Debug\Obj\MK60_flash.o
#        E:\05NXP\FreeScale_X\Prj\IAR\Debug\Obj\MK60_flexbus.o
#        E:\05NXP\FreeScale_X\Prj\IAR\Debug\Obj\MK60_ftm.o
#        E:\05NXP\FreeScale_X\Prj\IAR\Debug\Obj\MK60_gpio.o
#        E:\05NXP\FreeScale_X\Prj\IAR\Debug\Obj\MK60_i2c.o
#        E:\05NXP\FreeScale_X\Prj\IAR\Debug\Obj\MK60_it.o
#        E:\05NXP\FreeScale_X\Prj\IAR\Debug\Obj\MK60_lptmr.o
#        E:\05NXP\FreeScale_X\Prj\IAR\Debug\Obj\MK60_mcg.o
#        E:\05NXP\FreeScale_X\Prj\IAR\Debug\Obj\MK60_PIT.o
#        E:\05NXP\FreeScale_X\Prj\IAR\Debug\Obj\MK60_port.o
#        E:\05NXP\FreeScale_X\Prj\IAR\Debug\Obj\MK60_rtc.o
#        E:\05NXP\FreeScale_X\Prj\IAR\Debug\Obj\MK60_sdhc.o
#        E:\05NXP\FreeScale_X\Prj\IAR\Debug\Obj\MK60_spi.o
#        E:\05NXP\FreeScale_X\Prj\IAR\Debug\Obj\MK60_SysTick.o
#        E:\05NXP\FreeScale_X\Prj\IAR\Debug\Obj\MK60_uart.o
#        E:\05NXP\FreeScale_X\Prj\IAR\Debug\Obj\MK60_wdog.o
#        E:\05NXP\FreeScale_X\Prj\IAR\Debug\Obj\MXH_IMAGE.o
#        E:\05NXP\FreeScale_X\Prj\IAR\Debug\Obj\startup_MK60DZ10.o
#        E:\05NXP\FreeScale_X\Prj\IAR\Debug\Obj\system_MK60DZ10.o
#        E:\05NXP\FreeScale_X\Prj\IAR\Debug\Obj\VCAN_computer.o
#        E:\05NXP\FreeScale_X\Prj\IAR\Debug\Obj\VCAN_key.o
#        E:\05NXP\FreeScale_X\Prj\IAR\Debug\Obj\VCAN_LED.o
#        E:\05NXP\FreeScale_X\Prj\IAR\Debug\Obj\VCAN_TSL1401.o
#        E:\05NXP\FreeScale_X\Prj\IAR\Debug\Obj\vectors.o
#        E:\05NXP\FreeScale_X\Prj\IAR\Debug\Obj\XK_BIANMA.o
#        E:\05NXP\FreeScale_X\Prj\IAR\Debug\Obj\XK_MOTION.o
#        E:\05NXP\FreeScale_X\Prj\IAR\Debug\Obj\XK_S3010.o -o
#        E:\05NXP\FreeScale_X\Prj\IAR\Debug\Exe\freescale.out --map
#        E:\05NXP\FreeScale_X\Prj\IAR\Debug\List\freescale.map --config
#        "E:\05NXP\FreeScale_X\Prj\IAR\config files\fire_ROM_K60N512.icf"
#        --semihosting
#        E:\05NXP\FreeScale_X\Prj\IAR\..\..\Lib\CMSIS\iar_cortexM4l_math.a
#        --entry __iar_program_start --vfe --text_out locale)
#
###############################################################################

*******************************************************************************
*** RUNTIME MODEL ATTRIBUTES
***

CppFlavor       = *
__SystemLibrary = DLib
__dlib_version  = 6


*******************************************************************************
*** HEAP SELECTION
***

The basic heap was selected because some modules are built with
size limitations (and not runtime checking), and --advanced_heap
was not specified.


*******************************************************************************
*** PLACEMENT SUMMARY
***

"A0":  place at 0x00000000 { ro section .intvec };
"A1":  place at 0x00000410 { ro section .noinit };
"P1":  place in [from 0x00000000 to 0x00040000] { ro, block CodeRelocate };
"P2":  place in [from 0x1fff0410 to 0x20010000] {
          rw, block CodeRelocateRam, block CSTACK, block HEAP };
initialize manually with packing = copy, complex ranges { section .data };
initialize manually with packing = copy, complex ranges { section .textrw };

  Section              Kind        Address     Size  Object
  -------              ----        -------     ----  ------
"A0":                                         0x410
  .intvec              const    0x00000000    0x410  vectors.o [1]
                              - 0x00000410    0x410

"A1":                                           0x8
  .noinit              ro code  0x00000410      0x8  startup_MK60DZ10.o [1]
                              - 0x00000418      0x8

"P1":                                        0x50fe
  .text                ro code  0x00000418    0xf36  xprintffuller_nomb.o [3]
  .text                ro code  0x0000134e     0x12  xencoding_8859_1.o [3]
  .text                ro code  0x00001360     0x16  strchr.o [5]
  .text                ro code  0x00001378     0x44  xfail_s.o [3]
  .text                ro code  0x000013bc     0x36  strlen.o [5]
  .text                ro code  0x000013f4     0x58  memchr.o [5]
  .text                ro code  0x0000144c      0xa  xmbcurmax.o [3]
  .text                ro code  0x00001458     0x1c  xlocale_c.o [3]
  .text                ro code  0x00001474     0xa6  ABImemcpy.o [5]
  .text                ro code  0x0000151c     0xee  I64DivMod.o [5]
  .text                ro code  0x0000160c    0x1a2  DblMul.o [4]
  .text                ro code  0x000017b0     0x70  frexp.o [4]
  .text                ro code  0x00001820     0x2e  DblCmpLe.o [4]
  .text                ro code  0x00001850     0x2e  DblCmpGe.o [4]
  .text                ro code  0x00001880    0x13a  ldexp.o [4]
  .text                ro code  0x000019bc     0x3a  DblToS32.o [4]
  .text                ro code  0x000019f8     0x22  S32ToDbl.o [4]
  .text                ro code  0x00001a1c     0xe2  DblSub.o [4]
  .text                ro code  0x00001b00    0x246  DblDiv.o [4]
  .text                ro code  0x00001d48     0x28  DblToU32.o [4]
  .text                ro code  0x00001d70     0x1a  U32ToDbl.o [4]
  .text                ro code  0x00001d8a      0x6  abort.o [3]
  .text                ro code  0x00001d90      0x2  I64DivZer.o [5]
  .text                ro code  0x00001d94    0x178  DblAdd.o [4]
  .text                ro code  0x00001f0c     0x14  exit.o [6]
  .data_init                    0x00001f20    0x888  <Block>
    Initializer bytes  const    0x00001f20    0x888  <for .data-1>
  .text                ro code  0x000027a8    0x742  main.o [1]
  .text                ro code  0x00002eec     0xac  VCAN_LED.o [1]
  .text                ro code  0x00002f98     0x9c  VCAN_key.o [1]
  .text                ro code  0x00003034    0x1c8  FS_OV7620.o [1]
  .text                ro code  0x000031fc    0x538  MK60_ftm.o [1]
  .text                ro code  0x00003734     0x38  XK_MOTION.o [1]
  .text                ro code  0x0000376c     0x2c  XK_S3010.o [1]
  .text                ro code  0x00003798     0x64  MK60_SysTick.o [1]
  .text                ro code  0x000037fc     0x7c  MK60_PIT.o [1]
  .text                ro code  0x00003878     0x50  misc.o [1]
  .text                ro code  0x000038c8      0x8  abs.o [3]
  .text                ro code  0x000038d0     0xe2  FltAdd.o [4]
  .text                ro code  0x000039b4     0x24  FltCmpGe.o [4]
  .text                ro code  0x000039d8     0x24  S32ToFlt.o [4]
  .text                ro code  0x000039fc     0x48  FltToDbl.o [4]
  .text                ro code  0x00003a44     0x68  DblToFlt.o [4]
  .text                ro code  0x00003aac     0x80  FltSub.o [4]
  .text                ro code  0x00003b2c     0xd8  FltMul.o [4]
  .text                ro code  0x00003c04     0x24  FltCmpLe.o [4]
  .text                ro code  0x00003c28     0x28  printf.o [3]
  .text                ro code  0x00003c50    0x298  MXH_IMAGE.o [1]
  .text                ro code  0x00003ee8     0x2a  FltToS32.o [4]
  .text                ro code  0x00003f14     0xfc  FltDiv.o [4]
  .text                ro code  0x00004010    0x1c0  MK60_gpio.o [1]
  .text                ro code  0x000041d0     0xbc  MK60_port.o [1]
  .text                ro code  0x0000428c    0x248  FIRE_SCCB.o [1]
  .text                ro code  0x000044d4    0x248  MK60_dma.o [1]
  Veneer               ro code  0x0000471c      0x8  - Linker created -
  Veneer               ro code  0x00004724      0x8  - Linker created -
  .text                ro code  0x0000472c    0x144  MK60_conf.o [1]
  .text                ro code  0x00004870     0x1c  U32ToFlt.o [4]
  .text                ro code  0x0000488c     0x22  FltToU32.o [4]
  .text                ro code  0x000048b0    0x260  MK60_uart.o [1]
  Veneer               ro code  0x00004b10      0x8  - Linker created -
  .text                ro code  0x00004b18    0x3e4  MK60_mcg.o [1]
  CodeRelocate                  0x00004efc    0x1c8  <Block>
    Initializer bytes  const    0x00004efc    0x1c8  <for CodeRelocateRam-1>
  .text                ro code  0x000050c4    0x12c  system_MK60DZ10.o [1]
  .text                ro code  0x000051f0     0x40  MK60_wdog.o [1]
  .text                ro code  0x00005230     0x40  zero_init3.o [5]
  .rodata              const    0x00005270     0x3c  MK60_conf.o [1]
  .rodata              const    0x000052ac     0x30  MK60_SysTick.o [1]
  .rodata              const    0x000052dc     0x2c  MK60_dma.o [1]
  .rodata              const    0x00005308     0x2c  MK60_flash.o [1]
  .rodata              const    0x00005334     0x2c  MK60_ftm.o [1]
  .rodata              const    0x00005360     0x2c  MK60_gpio.o [1]
  .rodata              const    0x0000538c     0x2c  MK60_PIT.o [1]
  .rodata              const    0x000053b8     0x2c  MK60_uart.o [1]
  .rodata              const    0x000053e4     0x28  misc.o [1]
  .text                ro code  0x0000540c     0x28  data_init.o [5]
  .rodata              const    0x00005434     0x24  MK60_conf.o [1]
  .iar.init_table      const    0x00005458     0x10  - Linker created -
  .rodata              const    0x00005468     0x20  MK60_conf.o [1]
  .text                ro code  0x00005488     0x1a  cmain.o [5]
  .text                ro code  0x000054a2      0x4  low_level_init.o [3]
  .text                ro code  0x000054a6      0x4  exit.o [3]
  .text                ro code  0x000054ac      0xa  cexit.o [5]
  .text                ro code  0x000054b6     0x16  xprout.o [3]
  .text                ro code  0x000054cc      0xc  putchar.o [3]
  .rodata              const    0x000054d8     0x14  MK60_conf.o [1]
  .rodata              const    0x000054ec      0xc  main.o [1]
  .rodata              const    0x000054f8      0xc  main.o [1]
  .text                ro code  0x00005504      0xc  cstartup_M.o [5]
  .rodata              const    0x00005510      0x6  xlocale_c.o [3]
  .rodata              const    0x00005516      0x0  zero_init3.o [5]
                              - 0x00005516   0x50fe

"P2", part 1 of 2:                            0xa50
  .data                         0x1fff0410    0x888  <Block>
    .data-1                     0x1fff0410    0x886  <Init block>
      .data            inited   0x1fff0410      0x4  FS_OV7620.o [1]
      .data            inited   0x1fff0414      0x4  main.o [1]
      .data            inited   0x1fff0418      0x8  main.o [1]
      .data            inited   0x1fff0420      0x4  main.o [1]
      .data            inited   0x1fff0424    0x708  MK60_conf.o [1]
      .data            inited   0x1fff0b2c      0xc  MK60_ftm.o [1]
      .data            inited   0x1fff0b38     0x14  MK60_gpio.o [1]
      .data            inited   0x1fff0b4c     0x44  MK60_mcg.o [1]
      .data            inited   0x1fff0b90      0x4  MK60_mcg.o [1]
      .data            inited   0x1fff0b94     0x14  MK60_port.o [1]
      .data            inited   0x1fff0ba8     0x18  MK60_uart.o [1]
      .data            inited   0x1fff0bc0      0x8  VCAN_key.o [1]
      .data            inited   0x1fff0bc8      0x4  VCAN_LED.o [1]
      .data            inited   0x1fff0bcc     0x48  xfiles.o [3]
      .data            inited   0x1fff0c14     0x38  xlocale_c.o [3]
      .data            inited   0x1fff0c4c     0x48  xlocale_c.o [3]
      .data            inited   0x1fff0c94      0x1  FS_OV7620.o [1]
      .data            inited   0x1fff0c95      0x1  FS_OV7620.o [1]
  CodeRelocateRam               0x1fff0c98    0x1c8  <Block>
    CodeRelocateRam-1           0x1fff0c98    0x1c8  <Init block>
      Veneer           inited   0x1fff0c98      0x8  - Linker created -
      Veneer           inited   0x1fff0ca0      0x8  - Linker created -
      .textrw          inited   0x1fff0ca8    0x168  MK60_flash.o [1]
      .textrw          inited   0x1fff0e10     0x50  MK60_mcg.o [1]
                              - 0x1fff0e60    0xa50

"P2", part 2 of 2:                          0x12dd0
  .bss                          0x1fff0e60  0x12dd0  <Block>
    .bss               zero     0x1fff0e60  0x12d40  FS_OV7620.o [1]
    .bss               zero     0x20003ba0      0x4  main.o [1]
    .bss               zero     0x20003ba4      0x4  main.o [1]
    .bss               zero     0x20003ba8      0x4  main.o [1]
    .bss               zero     0x20003bac      0x4  main.o [1]
    .bss               zero     0x20003bb0      0x4  main.o [1]
    .bss               zero     0x20003bb4      0x4  main.o [1]
    .bss               zero     0x20003bb8      0x4  main.o [1]
    .bss               zero     0x20003bbc      0x4  main.o [1]
    .bss               zero     0x20003bc0      0xc  MK60_ftm.o [1]
    .bss               zero     0x20003bcc      0x4  system_MK60DZ10.o [1]
    .bss               zero     0x20003bd0      0x4  system_MK60DZ10.o [1]
    .bss               zero     0x20003bd4      0x4  system_MK60DZ10.o [1]
    .bss               zero     0x20003bd8     0x50  xfiles.o [3]
    .bss               zero     0x20003c28      0x4  xfail_s.o [3]
    .bss               zero     0x20003c2c      0x1  FS_OV7620.o [1]
                              - 0x20003c30  0x12dd0


*******************************************************************************
*** INIT TABLE
***

          Address     Size
          -------     ----
Zero (__iar_zero_init3)
    1 destination range, total size 0x12dcd:
          0x1fff0e60  0x12dcd



*******************************************************************************
*** MODULE SUMMARY
***

    Module                ro code  rw code  ro data  rw data
    ------                -------  -------  -------  -------
E:\05NXP\FreeScale_X\Prj\IAR\Debug\Obj: [1]
    FIRE_SCCB.o               584
    FS_OV7620.o               456                 6   77 127
    MK60_PIT.o                124                44
    MK60_SysTick.o            100                48
    MK60_conf.o               324             1 948    1 800
    MK60_dma.o                584                44
    MK60_flash.o                       360      404
    MK60_ftm.o              1 336                56       24
    MK60_gpio.o               448                64       20
    MK60_mcg.o                996       80      152       72
    MK60_port.o               188                20       20
    MK60_uart.o               608                68       24
    MK60_wdog.o                64
    MXH_IMAGE.o               664
    VCAN_LED.o                172                 4        4
    VCAN_key.o                156                 8        8
    XK_MOTION.o                56
    XK_S3010.o                 44
    main.o                  1 858                40       48
    misc.o                     80                40
    startup_MK60DZ10.o          8
    system_MK60DZ10.o         300                         12
    vectors.o                                 1 040
    --------------------------------------------------------
    Total:                  9 150      440    3 986   79 159

command line: [2]
    --------------------------------------------------------
    Total:

dl7M_tlf.a: [3]
    abort.o                     6
    abs.o                       8
    exit.o                      4
    low_level_init.o            4
    printf.o                   40
    putchar.o                  12
    xencoding_8859_1.o         18
    xfail_s.o                  68                          4
    xfiles.o                                     72      152
    xlocale_c.o                28               134      128
    xmbcurmax.o                10
    xprintffuller_nomb.o    3 894
    xprout.o                   22
    --------------------------------------------------------
    Total:                  4 114               206      284

m7M_tl.a: [4]
    DblAdd.o                  376
    DblCmpGe.o                 46
    DblCmpLe.o                 46
    DblDiv.o                  582
    DblMul.o                  418
    DblSub.o                  226
    DblToFlt.o                104
    DblToS32.o                 58
    DblToU32.o                 40
    FltAdd.o                  226
    FltCmpGe.o                 36
    FltCmpLe.o                 36
    FltDiv.o                  252
    FltMul.o                  216
    FltSub.o                  128
    FltToDbl.o                 72
    FltToS32.o                 42
    FltToU32.o                 34
    S32ToDbl.o                 34
    S32ToFlt.o                 36
    U32ToDbl.o                 26
    U32ToFlt.o                 28
    frexp.o                   112
    ldexp.o                   314
    --------------------------------------------------------
    Total:                  3 488

rt7M_tl.a: [5]
    ABImemcpy.o               166
    I64DivMod.o               238
    I64DivZer.o                 2
    cexit.o                    10
    cmain.o                    26
    cstartup_M.o               12
    data_init.o                40
    memchr.o                   88
    strchr.o                   22
    strlen.o                   54
    zero_init3.o               64
    --------------------------------------------------------
    Total:                    722

shb_l.a: [6]
    exit.o                     20
    --------------------------------------------------------
    Total:                     20

    Gaps                       38
    Linker created             24       16       34
------------------------------------------------------------
    Grand Total:           17 556      456    4 226   79 443


*******************************************************************************
*** ENTRY LIST
***

Entry                      Address     Size  Type      Object
-----                      -------     ----  ----      ------
.bss$$Base              0x1fff0e60            --   Gb  - Linker created -
.bss$$Limit             0x20003c30            --   Gb  - Linker created -
.data$$Base             0x1fff0410            --   Gb  - Linker created -
.data$$Limit            0x1fff0c98            --   Gb  - Linker created -
.data_init$$Base        0x00001f20            --   Gb  - Linker created -
.data_init$$Limit       0x000027a8            --   Gb  - Linker created -
.iar.init_table$$Base   0x00005458            --   Gb  - Linker created -
.iar.init_table$$Limit  0x00005468            --   Gb  - Linker created -
?main                   0x00005489           Code  Gb  cmain.o [5]
ASSERT_FAILED_STR       0x00005434     0x24  Data  Gb  MK60_conf.o [1]
Amplify                 0x00003e69     0x22  Code  Gb  MXH_IMAGE.o [1]
CodeRelocate$$Base      0x00004efc            --   Gb  - Linker created -
CodeRelocate$$Limit     0x000050c4            --   Gb  - Linker created -
CodeRelocateRam$$Base   0x1fff0c98            --   Gb  - Linker created -
CodeRelocateRam$$Limit  0x1fff0e60            --   Gb  - Linker created -
FTMN                    0x1fff0b2c      0xc  Data  Gb  MK60_ftm.o [1]
FTM_port_mux            0x000031fd    0x118  Code  Lc  MK60_ftm.o [1]
GPIOX                   0x1fff0b38     0x14  Data  Gb  MK60_gpio.o [1]
HRFF_handler            0x00003141     0x20  Code  Gb  FS_OV7620.o [1]
Image_Data              0x1fff0410      0x4  Data  Gb  FS_OV7620.o [1]
KEY_PTxn                0x1fff0bc0      0x8  Data  Gb  VCAN_key.o [1]
LED_PTxn                0x1fff0bc8      0x4  Data  Gb  VCAN_LED.o [1]
Last_value1             0x20003bb8      0x4  Data  Gb  main.o [1]
LoadInt                 0x000005b7     0x7a  Code  Lc  xprintffuller_nomb.o [3]
NVIC_DisableIRQ         0x0000304b     0x16  Code  Lc  FS_OV7620.o [1]
NVIC_EnableIRQ          0x00003035     0x16  Code  Lc  FS_OV7620.o [1]
NVIC_EnableIRQ          0x000027d9     0x18  Code  Lc  main.o [1]
NVIC_EncodePriority     0x0000281b     0x42  Code  Lc  main.o [1]
NVIC_GetPriorityGrouping
                        0x000027cd      0xc  Code  Lc  main.o [1]
NVIC_SetPriority        0x000027f1     0x2a  Code  Lc  main.o [1]
NVIC_SetPriorityGrouping
                        0x000027a9     0x24  Code  Lc  main.o [1]
NVIC_SystemReset        0x0000472d     0x1a  Code  Lc  MK60_conf.o [1]
OV7620_Init             0x00003061     0xe0  Code  Gb  FS_OV7620.o [1]
PIT_VAL                 0x00002c11     0x20  Code  Gb  main.o [1]
PORTX                   0x1fff0b94     0x14  Data  Gb  MK60_port.o [1]
Pixel_Data              0x1fff0e60  0x12d40  Data  Gb  FS_OV7620.o [1]
ROW_Count               0x20003c2c      0x1  Data  Gb  FS_OV7620.o [1]
Region$$Table$$Base     0x00005458            --   Gb  - Linker created -
Region$$Table$$Limit    0x00005468            --   Gb  - Linker created -
Reset_Handler           0x00000411           Code  Gb  startup_MK60DZ10.o [1]
S3010_IRQHandler        0x00002c31    0x1ae  Code  Gb  main.o [1]
SCCB_GPIO_init          0x0000428d     0x18  Code  Gb  FIRE_SCCB.o [1]
Stop                    0x00003e95     0x54  Code  Gb  MXH_IMAGE.o [1]
T2                      0x20003bbc      0x4  Data  Gb  main.o [1]
Think1                  0x00003c51    0x1ce  Code  Gb  MXH_IMAGE.o [1]
Threshold               0x00003e1f     0x4a  Code  Gb  MXH_IMAGE.o [1]
UARTN                   0x1fff0ba8     0x18  Data  Gb  MK60_uart.o [1]
VSYNC_handler           0x00003161     0x34  Code  Gb  FS_OV7620.o [1]
_Encoding_8859_1_Wctomb
                        0x0000134f     0x12  Code  Gb  xencoding_8859_1.o [3]
_GenldFullerNoMb        0x00001047    0x256  Code  Lc  xprintffuller_nomb.o [3]
_LdtobFullerNoMb        0x00000c1f    0x3fe  Code  Lc  xprintffuller_nomb.o [3]
_LitobFullerNoMb        0x00000acf    0x10a  Code  Lc  xprintffuller_nomb.o [3]
_Locale_lconv           0x1fff0c14     0x38  Data  Lc  xlocale_c.o [3]
_PrintfFullerNoMb       0x00000419    0x190  Code  Gb  xprintffuller_nomb.o [3]
_Prout                  0x000054b7     0x16  Code  Gb  xprout.o [3]
_PutcharsFullerNoMb     0x0000129d     0x2e  Code  Lc  xprintffuller_nomb.o [3]
_PutfldFullerNoMb       0x00000631    0x2d0  Code  Lc  xprintffuller_nomb.o [3]
_PutstrFullerNoMb       0x00000a0f     0xc0  Code  Lc  xprintffuller_nomb.o [3]
_PuttxtFullerNoMb       0x00000901    0x10e  Code  Lc  xprintffuller_nomb.o [3]
__BOOT_STACK_ADDRESS {Abs}
                        0x2000fff8           Data  Gb  command line/config [2]
__VECTOR_RAM {Abs}      0x1fff0000           Data  Gb  command line/config [2]
__VECTOR_TABLE {Abs}    0x00000000           Data  Gb  command line/config [2]
__aeabi_cdcmple         0x00001821           Code  Gb  DblCmpLe.o [4]
__aeabi_cdrcmple        0x00001851           Code  Gb  DblCmpGe.o [4]
__aeabi_cfcmple         0x00003c05           Code  Gb  FltCmpLe.o [4]
__aeabi_cfrcmple        0x000039b5           Code  Gb  FltCmpGe.o [4]
__aeabi_d2f             0x00003a45           Code  Gb  DblToFlt.o [4]
__aeabi_d2iz            0x000019bd           Code  Gb  DblToS32.o [4]
__aeabi_d2uiz           0x00001d49           Code  Gb  DblToU32.o [4]
__aeabi_dadd            0x00001d95           Code  Gb  DblAdd.o [4]
__aeabi_ddiv            0x00001b01           Code  Gb  DblDiv.o [4]
__aeabi_dmul            0x0000160d           Code  Gb  DblMul.o [4]
__aeabi_dsub            0x00001a1d           Code  Gb  DblSub.o [4]
__aeabi_f2d             0x000039fd           Code  Gb  FltToDbl.o [4]
__aeabi_f2iz            0x00003ee9           Code  Gb  FltToS32.o [4]
__aeabi_f2uiz           0x0000488d           Code  Gb  FltToU32.o [4]
__aeabi_fadd            0x000038d1           Code  Gb  FltAdd.o [4]
__aeabi_fdiv            0x00003f15           Code  Gb  FltDiv.o [4]
__aeabi_fmul            0x00003b2d           Code  Gb  FltMul.o [4]
__aeabi_fsub            0x00003aad           Code  Gb  FltSub.o [4]
__aeabi_i2d             0x000019f9           Code  Gb  S32ToDbl.o [4]
__aeabi_i2f             0x000039d9           Code  Gb  S32ToFlt.o [4]
__aeabi_ldiv0           0x00001d91           Code  Gb  I64DivZer.o [5]
__aeabi_memcpy          0x00001475           Code  Gb  ABImemcpy.o [5]
__aeabi_memcpy4         0x00001495           Code  Gb  ABImemcpy.o [5]
__aeabi_memcpy8         0x00001495           Code  Gb  ABImemcpy.o [5]
__aeabi_ui2d            0x00001d71           Code  Gb  U32ToDbl.o [4]
__aeabi_ui2f            0x00004871           Code  Gb  U32ToFlt.o [4]
__aeabi_uldivmod        0x0000151d           Code  Gb  I64DivMod.o [5]
__cmain                 0x00005489           Code  Gb  cmain.o [5]
__code_start__ {Abs}    0x00000410           Data  Gb  command line/config [2]
__exit                  0x00001f0d     0x14  Code  Gb  exit.o [6]
__iar_Fail_s            0x00001379     0x1e  Code  Gb  xfail_s.o [3]
__iar_Mbcurmax          0x0000144d      0xa  Code  Gb  xmbcurmax.o [3]
__iar_Memchr            0x000013f5           Code  Gb  memchr.o [5]
__iar_Stdout            0x1fff0bcc     0x48  Data  Gb  xfiles.o [3]
__iar_Strchr            0x00001361           Code  Gb  strchr.o [5]
__iar_dadd              0x00001a2d           Code  Gb  DblSub.o [4]
__iar_data_init3        0x0000540d     0x28  Code  Gb  data_init.o [5]
__iar_dsub              0x00001da5           Code  Gb  DblAdd.o [4]
__iar_dsubStart         0x00001db7           Code  Gb  DblAdd.o [4]
__iar_fadd              0x00003ab9           Code  Gb  FltSub.o [4]
__iar_frexp             0x000017bd           Code  Gb  frexp.o [4]
__iar_frexp64           0x000017b1           Code  Gb  frexp.o [4]
__iar_frexpl            0x000017bd           Code  Gb  frexp.o [4]
__iar_fsub              0x000038dd           Code  Gb  FltAdd.o [4]
__iar_fsubStart         0x000038ed           Code  Gb  FltAdd.o [4]
__iar_globLocale        0x1fff0c4c     0x48  Data  Lc  xlocale_c.o [3]
__iar_global_Locale     0x00001459      0x4  Code  Gb  xlocale_c.o [3]
__iar_ldexp64           0x00001881           Code  Gb  ldexp.o [4]
__iar_program_start     0x00005505           Code  Gb  cstartup_M.o [5]
__iar_scalbln64         0x00001881           Code  Gb  ldexp.o [4]
__iar_scalbn64          0x00001881           Code  Gb  ldexp.o [4]
__iar_systems$$module {Abs}
                        0x00000001           Data  Gb  command line/config [2]
__iar_zero_init3        0x00005231     0x40  Code  Gb  zero_init3.o [5]
__low_level_init        0x000054a3      0x4  Code  Gb  low_level_init.o [3]
__vector_table          0x00000000    0x410  Data  Gb  vectors.o [1]
_call_main              0x00005495           Code  Gb  cmain.o [5]
_exit                   0x000054ad           Code  Gb  cexit.o [5]
_gLocale_wctomb         0x00001461      0x4  Code  Gb  xlocale_c.o [3]
_gLocale_wctombInt      0x0000145d      0x4  Code  Gb  xlocale_c.o [3]
_main                   0x0000549f           Code  Gb  cmain.o [5]
abort                   0x00001d8b      0x6  Code  Gb  abort.o [3]
abs                     0x000038c9      0x8  Code  Gb  abs.o [3]
assert_failed           0x00004747     0x26  Code  Gb  MK60_conf.o [1]
bus_clk_khz             0x20003bd4      0x4  Data  Gb  system_MK60DZ10.o [1]
common_startup          0x00005123     0x94  Code  Gb  system_MK60DZ10.o [1]
control                 0x0000376d     0x2c  Code  Gb  XK_S3010.o [1]
core_clk_khz            0x20003bcc      0x4  Data  Gb  system_MK60DZ10.o [1]
core_clk_mhz            0x20003bd0      0x4  Data  Gb  system_MK60DZ10.o [1]
default_isr             0x0000481b     0x34  Code  Gb  MK60_conf.o [1]
delta_temp_dir          0x20003bac      0x4  Data  Gb  main.o [1]
dir                     0x1fff0414      0x4  Data  Gb  main.o [1]
dma_gpio_input_init     0x000044d5     0x62  Code  Lc  MK60_dma.o [1]
dma_portx2buff_init     0x00004537    0x1b0  Code  Gb  MK60_dma.o [1]
exit                    0x000054a7      0x4  Code  Gb  exit.o [3]
flags                   0x1fff0c94      0x1  Data  Gb  FS_OV7620.o [1]
flash_cmd               0x1fff0ca9     0x20  Code  Gb  MK60_flash.o [1]
flash_erase_sector      0x1fff0cf9     0x58  Code  Gb  MK60_flash.o [1]
flash_init              0x1fff0cc9     0x30  Code  Gb  MK60_flash.o [1]
flash_write             0x1fff0d51     0x90  Code  Gb  MK60_flash.o [1]
fputc                   0x0000476d     0x14  Code  Gb  MK60_conf.o [1]
frexp                   0x000017b1           Code  Gb  frexp.o [4]
frexpl                  0x000017b1           Code  Gb  frexp.o [4]
ftm_mod                 0x20003bc0      0xc  Data  Lc  MK60_ftm.o [1]
ftm_pwm_duty            0x0000349f    0x11a  Code  Gb  MK60_ftm.o [1]
ftm_pwm_init            0x00003315    0x18a  Code  Gb  MK60_ftm.o [1]
ftm_quad_clean          0x000036eb     0x28  Code  Gb  MK60_ftm.o [1]
ftm_quad_get            0x000036bf     0x2c  Code  Gb  MK60_ftm.o [1]
ftm_quad_init           0x000035b9    0x106  Code  Gb  MK60_ftm.o [1]
gpio_get                0x00004187     0x3e  Code  Gb  MK60_gpio.o [1]
gpio_init               0x00004011     0xbe  Code  Gb  MK60_gpio.o [1]
gpio_set                0x000040cf     0x7c  Code  Gb  MK60_gpio.o [1]
gpio_turn               0x0000414b     0x3c  Code  Gb  MK60_gpio.o [1]
isr_priority_init       0x00002ea5     0x46  Code  Gb  main.o [1]
k                       0x20003bb0      0x4  Data  Gb  main.o [1]
k2                      0x20003bb4      0x4  Data  Gb  main.o [1]
key_check               0x00003005     0x2a  Code  Gb  VCAN_key.o [1]
key_get                 0x00002feb     0x1a  Code  Gb  VCAN_key.o [1]
key_init                0x00002f99     0x52  Code  Gb  VCAN_key.o [1]
last_temp_dir           0x20003ba8      0x4  Data  Gb  main.o [1]
ldexp                   0x00001881           Code  Gb  ldexp.o [4]
ldexpl                  0x00001881           Code  Gb  ldexp.o [4]
led                     0x00002f27     0x3c  Code  Gb  VCAN_LED.o [1]
led_init                0x00002eed     0x3a  Code  Gb  VCAN_LED.o [1]
led_turn                0x00002f63     0x32  Code  Gb  VCAN_LED.o [1]
localeconv              0x00001465      0x4  Code  Gb  xlocale_c.o [3]
main                    0x0000285d    0x3b4  Code  Gb  main.o [1]
mcg_cfg                 0x1fff0b4c     0x44  Data  Gb  MK60_mcg.o [1]
mcg_div                 0x1fff0b90      0x4  Data  Gb  MK60_mcg.o [1]
mcg_div_count           0x00004b19    0x316  Code  Gb  MK60_mcg.o [1]
memchr                  0x000013f5           Code  Gb  memchr.o [5]
motion                  0x00003735     0x38  Code  Gb  XK_MOTION.o [1]
obuf                    0x20003bd8     0x50  Data  Lc  xfiles.o [3]
pit_init                0x000037fd     0x6c  Code  Gb  MK60_PIT.o [1]
pll_init                0x00004e2f     0xb2  Code  Gb  MK60_mcg.o [1]
port_init               0x000041d1     0x4a  Code  Gb  MK60_port.o [1]
port_init_NoALT         0x0000421b     0x6a  Code  Gb  MK60_port.o [1]
portc_irq_handler       0x00003195     0x34  Code  Gb  FS_OV7620.o [1]
printf                  0x00003c29     0x28  Code  Gb  printf.o [3]
putchar                 0x000054cd      0xc  Code  Gb  putchar.o [3]
scalbln                 0x00001881           Code  Gb  ldexp.o [4]
scalblnl                0x00001881           Code  Gb  ldexp.o [4]
scalbn                  0x00001881           Code  Gb  ldexp.o [4]
scalbnl                 0x00001881           Code  Gb  ldexp.o [4]
scale                   0x00000bd9     0x46  Code  Lc  xprintffuller_nomb.o [3]
sccb_regWrite           0x00004459     0x7c  Code  Gb  FIRE_SCCB.o [1]
sccb_sendByte           0x00004381     0xd4  Code  Gb  FIRE_SCCB.o [1]
sccb_start              0x000042c1     0x74  Code  Gb  FIRE_SCCB.o [1]
sccb_stop               0x00004335     0x4c  Code  Gb  FIRE_SCCB.o [1]
sccb_wait               0x000042a5     0x1c  Code  Gb  FIRE_SCCB.o [1]
sec_hand                0x20003c28      0x4  Data  Lc  xfail_s.o [3]
sendfinished            0x1fff0c95      0x1  Data  Gb  FS_OV7620.o [1]
set_sys_dividers        0x1fff0e11     0x50  Code  Gb  MK60_mcg.o [1]
set_vector_handler      0x0000389b     0x22  Code  Gb  misc.o [1]
start                   0x000050c5     0x22  Code  Gb  system_MK60DZ10.o [1]
start_check             0x00004781     0x9a  Code  Gb  MK60_conf.o [1]
stop                    0x1fff0418      0x8  Data  Gb  main.o [1]
strchr                  0x00001361           Code  Gb  strchr.o [5]
strlen                  0x000013bd           Code  Gb  strlen.o [5]
sysinit                 0x000050e7     0x3c  Code  Gb  system_MK60DZ10.o [1]
systick_delay           0x00003799     0x36  Code  Gb  MK60_SysTick.o [1]
systick_delay_ms        0x000037cf     0x18  Code  Gb  MK60_SysTick.o [1]
temp_dir                0x20003ba4      0x4  Data  Gb  main.o [1]
uart_init               0x000048b1    0x228  Code  Gb  MK60_uart.o [1]
uart_putchar            0x00004ad9     0x1e  Code  Gb  MK60_uart.o [1]
val                     0x20003ba0      0x4  Data  Gb  main.o [1]
vector_str              0x1fff0424    0x708  Data  Gb  MK60_conf.o [1]
wait                    0x1fff0420      0x4  Data  Gb  main.o [1]
wdog_disable            0x000051f1     0x16  Code  Gb  MK60_wdog.o [1]
wdog_unlock             0x00005207     0x20  Code  Lc  MK60_wdog.o [1]
write_vtor              0x00003879     0x22  Code  Gb  misc.o [1]


[1] = E:\05NXP\FreeScale_X\Prj\IAR\Debug\Obj
[2] = command line
[3] = dl7M_tlf.a
[4] = m7M_tl.a
[5] = rt7M_tl.a
[6] = shb_l.a

  17 556 bytes of readonly  code memory
     456 bytes of readwrite code memory
   4 226 bytes of readonly  data memory
  79 443 bytes of readwrite data memory

Errors: none
Warnings: none
